// Jest Snapshot v1, https://goo.gl/fbAQLP

exports[`throws if an item ID being moved does not exist 1`] = `"Some moveItemIds did not match any item IDs on the order"`;

exports[`throws if fulfillmentGroup isn't supplied 1`] = `"Fulfillment group is required"`;

exports[`throws if orderId isn't supplied 1`] = `"Order ID is required"`;

exports[`throws if permission check fails 1`] = `"Access Denied"`;

exports[`throws if the order doesn't exist 1`] = `"Order not found"`;
