// Jest Snapshot v1, https://goo.gl/fbAQLP

exports[`throws if orderFulfillmentGroupId isn't supplied 1`] = `"Order fulfillment group ID is required"`;

exports[`throws if orderId isn't supplied 1`] = `"Order ID is required"`;

exports[`throws if permission check fails 1`] = `"Access Denied"`;

exports[`throws if the order doesn't exist 1`] = `"Order not found"`;

exports[`throws if the order fulfillment group doesn't exist 1`] = `"Order fulfillment group not found"`;
