// Jest Snapshot v1, https://goo.gl/fbAQLP

exports[`for other account, throws access denied if non-admin 1`] = `[ReactionError: Access Denied]`;
