// Jest Snapshot v1, https://goo.gl/fbAQLP

exports[`throws if deleteOne fails 1`] = `"Unable to delete anonymous cart"`;

exports[`throws if insertOne fails 1`] = `"Unable to create account cart"`;
