// Jest Snapshot v1, https://goo.gl/fbAQLP

exports[`throws when no account and no token passed 1`] = `"Cart not found"`;
