// Jest Snapshot v1, https://goo.gl/fbAQLP

exports[`groupQuery throws access-denied if not allowed 1`] = `"access-denied"`;

exports[`groupQuery throws not-found if the group does not exist 1`] = `"not-found"`;

exports[`groupsQuery throws access-denied if not allowed 1`] = `"access-denied"`;
