// Jest Snapshot v1, https://goo.gl/fbAQLP

exports[`throws access-denied if not allowed 1`] = `"User does not have permissions to view groups"`;
