// Jest Snapshot v1, https://goo.gl/fbAQLP

exports[`throws if userHasPermission returns false 1`] = `"User does not have permission"`;
